// Jest Snapshot v1, https://jestjs.io/docs/snapshot-testing

exports[`ShareQuizButton correctly renders 1`] = `
<DocumentFragment>
  <div
    data-testid="copy-to-clipboard"
    data-text="http://localhost/quizzes/7/overview"
  >
    <button
      class="MuiButton-root MuiButton-variantOutlined MuiButton-colorNeutral MuiButton-sizeMd css-s62xdh-JoyButton-root"
      data-testid="share-quiz-7-button"
      type="button"
    >
      <span
        class="MuiButton-startDecorator css-187ulk2-JoyButton-startDecorator"
      >
        <svg
          aria-hidden="true"
          class="MuiSvgIcon-root MuiSvgIcon-fontSizeMedium css-1umw9bq-MuiSvgIcon-root"
          data-testid="ShareOutlinedIcon"
          focusable="false"
          viewBox="0 0 24 24"
        >
          <path
            d="M18 16.08c-.76 0-1.44.3-1.96.77L8.91 12.7c.05-.23.09-.46.09-.7s-.04-.47-.09-.7l7.05-4.11c.54.5 1.25.81 2.04.81 1.66 0 3-1.34 3-3s-1.34-3-3-3-3 1.34-3 3c0 .24.04.47.09.7L8.04 9.81C7.5 9.31 6.79 9 6 9c-1.66 0-3 1.34-3 3s1.34 3 3 3c.79 0 1.5-.31 2.04-.81l7.12 4.16c-.05.21-.08.43-.08.65 0 1.61 1.31 2.92 2.92 2.92s2.92-1.31 2.92-2.92-1.31-2.92-2.92-2.92M18 4c.55 0 1 .45 1 1s-.45 1-1 1-1-.45-1-1 .45-1 1-1M6 13c-.55 0-1-.45-1-1s.45-1 1-1 1 .45 1 1-.45 1-1 1m12 7.02c-.55 0-1-.45-1-1s.45-1 1-1 1 .45 1 1-.45 1-1 1"
          />
        </svg>
      </span>
      <span
        class=""
      >
        Share
      </span>
    </button>
  </div>
</DocumentFragment>
`;
