// Jest Snapshot v1, https://jestjs.io/docs/snapshot-testing

exports[`FormFieldError displays the error message for the given field 1`] = `
<DocumentFragment>
  <div
    class="MuiFormHelperText-root css-gj1jcm-JoyFormHelperText-root"
  >
    At least one answer must be correct
  </div>
</DocumentFragment>
`;
