// Jest Snapshot v1, https://jestjs.io/docs/snapshot-testing

exports[`NavbarMobileDrawer correctly renders 1`] = `
<body
  style="padding-right: 1024px; overflow: hidden;"
>
  <div
    aria-hidden="true"
  />
  <div
    class="MuiDrawer-root MuiDrawer-variantPlain MuiDrawer-colorNeutral MuiDrawer-sizeSm css-7a0we3-JoyDrawer-root"
    role="presentation"
  >
    <div
      aria-hidden="true"
      class="MuiDrawer-backdrop css-ta4b9y-JoyDrawer-backdrop"
      open=""
    />
    <div
      data-testid="sentinelStart"
      tabindex="0"
    />
    <div
      aria-describedby="_r_1_"
      aria-labelledby="_r_0_"
      aria-modal="true"
      class="MuiDrawer-content css-ain6vo-JoyDrawer-content"
      role="dialog"
      tabindex="-1"
    >
      <div
        class="MuiStack-root css-1gh5slh-JoyStack-root"
      >
        <a
          class="MuiButton-root MuiButton-fullWidth MuiButton-variantOutlined MuiButton-colorPrimary MuiButton-sizeMd css-4f85w7-JoyButton-root"
          data-testid="mobile-login-link"
          href="/login"
        >
          Login
        </a>
        <a
          class="MuiButton-root MuiButton-fullWidth MuiButton-variantSolid MuiButton-colorPrimary MuiButton-sizeMd css-967hw9-JoyButton-root"
          data-testid="mobile-signup-link"
          href="/signup"
        >
          Sign Up
        </a>
      </div>
      <hr
        class="MuiDivider-root MuiDivider-horizontal css-1gr8z01-JoyDivider-root"
      />
      <div
        class="MuiStack-root css-650tjm-JoyStack-root"
      >
        <a
          class="MuiButton-root MuiButton-fullWidth MuiButton-variantPlain MuiButton-colorNeutral MuiButton-sizeLg css-1w1gui5-JoyButton-root"
          data-testid="mobile-nav-link/"
          href="/"
        >
          <span
            class="MuiButton-startDecorator css-187ulk2-JoyButton-startDecorator"
          >
            <svg
              aria-hidden="true"
              class="MuiSvgIcon-root MuiSvgIcon-fontSizeMedium css-1umw9bq-MuiSvgIcon-root"
              data-testid="SearchIcon"
              focusable="false"
              viewBox="0 0 24 24"
            >
              <path
                d="M15.5 14h-.79l-.28-.27C15.41 12.59 16 11.11 16 9.5 16 5.91 13.09 3 9.5 3S3 5.91 3 9.5 5.91 16 9.5 16c1.61 0 3.09-.59 4.23-1.57l.27.28v.79l5 4.99L20.49 19zm-6 0C7.01 14 5 11.99 5 9.5S7.01 5 9.5 5 14 7.01 14 9.5 11.99 14 9.5 14"
              />
            </svg>
          </span>
          Explore
        </a>
        <a
          class="MuiButton-root MuiButton-fullWidth MuiButton-variantPlain MuiButton-colorNeutral MuiButton-sizeLg css-1w1gui5-JoyButton-root"
          data-testid="mobile-nav-link/manage-quizzes"
          href="/manage-quizzes"
        >
          <span
            class="MuiButton-startDecorator css-187ulk2-JoyButton-startDecorator"
          >
            <svg
              aria-hidden="true"
              class="MuiSvgIcon-root MuiSvgIcon-fontSizeMedium css-1umw9bq-MuiSvgIcon-root"
              data-testid="BallotOutlinedIcon"
              focusable="false"
              viewBox="0 0 24 24"
            >
              <path
                d="M13 7.5h5v2h-5zm0 7h5v2h-5zM19 3H5c-1.1 0-2 .9-2 2v14c0 1.1.9 2 2 2h14c1.1 0 2-.9 2-2V5c0-1.1-.9-2-2-2m0 16H5V5h14zM11 6H6v5h5zm-1 4H7V7h3zm1 3H6v5h5zm-1 4H7v-3h3z"
              />
            </svg>
          </span>
          Manage Quizzes
        </a>
        <a
          class="MuiButton-root MuiButton-fullWidth MuiButton-variantPlain MuiButton-colorNeutral MuiButton-sizeLg css-1w1gui5-JoyButton-root"
          data-testid="mobile-nav-link/favorites"
          href="/favorites"
        >
          <span
            class="MuiButton-startDecorator css-187ulk2-JoyButton-startDecorator"
          >
            <svg
              aria-hidden="true"
              class="MuiSvgIcon-root MuiSvgIcon-fontSizeMedium css-1umw9bq-MuiSvgIcon-root"
              data-testid="FavoriteBorderIcon"
              focusable="false"
              viewBox="0 0 24 24"
            >
              <path
                d="M16.5 3c-1.74 0-3.41.81-4.5 2.09C10.91 3.81 9.24 3 7.5 3 4.42 3 2 5.42 2 8.5c0 3.78 3.4 6.86 8.55 11.54L12 21.35l1.45-1.32C18.6 15.36 22 12.28 22 8.5 22 5.42 19.58 3 16.5 3m-4.4 15.55-.1.1-.1-.1C7.14 14.24 4 11.39 4 8.5 4 6.5 5.5 5 7.5 5c1.54 0 3.04.99 3.57 2.36h1.87C13.46 5.99 14.96 5 16.5 5c2 0 3.5 1.5 3.5 3.5 0 2.89-3.14 5.74-7.9 10.05"
              />
            </svg>
          </span>
          Favorites
        </a>
      </div>
    </div>
    <div
      data-testid="sentinelEnd"
      tabindex="0"
    />
  </div>
</body>
`;
