// Jest Snapshot v1, https://jestjs.io/docs/snapshot-testing

exports[`FormCheckbox renders correctly 1`] = `
<DocumentFragment>
  <div
    class="MuiFormControl-root MuiFormControl-vertical MuiFormControl-sizeMd css-1jf2wst-JoyFormControl-root"
  >
    <label
      class="MuiFormLabel-root css-1ckvkg0-JoyFormLabel-root"
      for="_r_0_"
      id="_r_0_-label"
    >
      I agree
    </label>
    <span
      class="MuiCheckbox-root MuiCheckbox-variantOutlined MuiCheckbox-colorNeutral MuiCheckbox-sizeMd css-1xi8ehd-JoyCheckbox-root"
    >
      <span
        class="MuiCheckbox-checkbox css-1hi37tf-JoyCheckbox-checkbox"
      >
        <span
          class="MuiCheckbox-action css-8bculf-JoyCheckbox-action"
        >
          <input
            aria-checked="false"
            class="MuiCheckbox-input css-137agis-JoyCheckbox-input"
            data-testid="checkbox-agree"
            id="_r_0_"
            name="agree"
            type="checkbox"
          />
        </span>
      </span>
    </span>
  </div>
</DocumentFragment>
`;
