// Jest Snapshot v1, https://jestjs.io/docs/snapshot-testing

exports[`QuizAnalytics correctly renders 1`] = `
<DocumentFragment>
  <div
    class="container"
  >
    <div
      class="header"
    >
      <a
        class="MuiButton-root MuiButton-variantPlain MuiButton-colorPrimary MuiButton-sizeSm backButton css-k1zra7-JoyButton-root"
        href="/manage-quizzes"
      >
        <span
          class="MuiButton-startDecorator css-187ulk2-JoyButton-startDecorator"
        >
          <svg
            aria-hidden="true"
            class="MuiSvgIcon-root MuiSvgIcon-fontSizeMedium css-1umw9bq-MuiSvgIcon-root"
            data-testid="ArrowBackIcon"
            focusable="false"
            viewBox="0 0 24 24"
          >
            <path
              d="M20 11H7.83l5.59-5.59L12 4l-8 8 8 8 1.41-1.41L7.83 13H20z"
            />
          </svg>
        </span>
        Manage Quizzes
      </a>
      <h2
        class="MuiTypography-root MuiTypography-h2 css-x5jxhy-JoyTypography-root"
      >
        Analytics
      </h2>
    </div>
    <div
      class="toolbar"
    >
      <p
        class="MuiTypography-root MuiTypography-body-sm css-1mpyth4-JoyTypography-root"
      >
        1 session
      </p>
      <div
        class="MuiSelect-root MuiSelect-variantOutlined MuiSelect-colorNeutral MuiSelect-sizeSm css-19ce3g8-JoySelect-root"
      >
        <button
          aria-controls="_r_0_"
          aria-expanded="false"
          class="MuiSelect-button css-1hr8yhh-JoySelect-button"
          role="combobox"
          type="button"
        >
          20 per page
        </button>
        <span
          class="MuiSelect-indicator css-wmwett-JoySelect-indicator"
        >
          <svg
            aria-hidden="true"
            class="MuiSvgIcon-root MuiSvgIcon-sizeMd css-1r2bn3-JoySvgIcon-root"
            data-testid="UnfoldIcon"
            focusable="false"
            viewBox="0 0 24 24"
          >
            <path
              d="m12 5.83 2.46 2.46c.39.39 1.02.39 1.41 0 .39-.39.39-1.02 0-1.41L12.7 3.7a.9959.9959 0 0 0-1.41 0L8.12 6.88c-.39.39-.39 1.02 0 1.41.39.39 1.02.39 1.41 0L12 5.83zm0 12.34-2.46-2.46a.9959.9959 0 0 0-1.41 0c-.39.39-.39 1.02 0 1.41l3.17 3.18c.39.39 1.02.39 1.41 0l3.17-3.17c.39-.39.39-1.02 0-1.41a.9959.9959 0 0 0-1.41 0L12 18.17z"
            />
          </svg>
        </span>
        <input
          aria-hidden="true"
          style="border: 0px; height: 1px; margin: -1px; overflow: hidden; padding: 0px; position: absolute; white-space: nowrap; width: 1px;"
          tabindex="-1"
          value="20"
        />
      </div>
    </div>
    <div
      class="MuiSheet-root MuiSheet-variantOutlined MuiSheet-colorNeutral tableWrapper css-ylro10-JoySheet-root"
    >
      <table
        class="MuiTable-root MuiTable-stickyHeader MuiTable-hoverRow MuiTable-borderAxisXBetween MuiTable-variantPlain MuiTable-colorNeutral MuiTable-sizeMd table css-xd6d2e-JoyTable-root"
      >
        <thead>
          <tr>
            <th>
              User
            </th>
            <th>
              Score
            </th>
            <th>
              Duration
            </th>
            <th
              class="dateColumn"
            >
              Started
            </th>
            <th
              class="dateColumn"
            >
              Finished
            </th>
            <th>
              Status
            </th>
          </tr>
        </thead>
        <tbody>
          <tr>
            <td>
              <div
                class="userCell"
              >
                <div
                  class="MuiAvatar-root MuiAvatar-variantSoft MuiAvatar-colorNeutral MuiAvatar-sizeSm css-1xhawub-JoyAvatar-root"
                >
                  AO
                </div>
                <span
                  class="userName"
                >
                  Amjed Omar
                </span>
              </div>
            </td>
            <td>
              3 / 5 (60%)
            </td>
            <td>
              30m 0s
            </td>
            <td
              class="dateColumn"
            >
              2026-01-01 10:00
            </td>
            <td
              class="dateColumn"
            >
              2026-01-01 10:30
            </td>
            <td>
              <div
                class="MuiChip-root MuiChip-colorSuccess MuiChip-sizeSm MuiChip-variantSoft css-ksiv8u-JoyChip-root"
              >
                <span
                  class="MuiChip-label MuiChip-labelSm css-14g1v9j-JoyChip-label"
                  id="_r_1_"
                >
                  Finished
                </span>
              </div>
            </td>
          </tr>
        </tbody>
      </table>
    </div>
    <div
      class="cards"
    >
      <div
        class="MuiSheet-root MuiSheet-variantOutlined MuiSheet-colorNeutral card css-ylro10-JoySheet-root"
      >
        <div
          class="cardHeader"
        >
          <div
            class="userCell"
          >
            <div
              class="MuiAvatar-root MuiAvatar-variantSoft MuiAvatar-colorNeutral MuiAvatar-sizeSm css-1xhawub-JoyAvatar-root"
            >
              AO
            </div>
            <span
              class="userName"
            >
              Amjed Omar
            </span>
          </div>
          <div
            class="MuiChip-root MuiChip-colorSuccess MuiChip-sizeSm MuiChip-variantSoft css-ksiv8u-JoyChip-root"
          >
            <span
              class="MuiChip-label MuiChip-labelSm css-14g1v9j-JoyChip-label"
              id="_r_2_"
            >
              Finished
            </span>
          </div>
        </div>
        <dl
          class="cardRows"
        >
          <div
            class="cardRow"
          >
            <dt>
              Score
            </dt>
            <dd>
              3 / 5 (60%)
            </dd>
          </div>
          <div
            class="cardRow"
          >
            <dt>
              Duration
            </dt>
            <dd>
              30m 0s
            </dd>
          </div>
          <div
            class="cardRow"
          >
            <dt>
              Started
            </dt>
            <dd>
              2026-01-01 10:00
            </dd>
          </div>
          <div
            class="cardRow"
          >
            <dt>
              Finished
            </dt>
            <dd>
              2026-01-01 10:30
            </dd>
          </div>
        </dl>
      </div>
    </div>
  </div>
</DocumentFragment>
`;
