// Jest Snapshot v1, https://jestjs.io/docs/snapshot-testing

exports[`SelectEnhanced renders correctly 1`] = `
<body>
  <div>
    <div
      class="MuiSelect-root MuiSelect-variantOutlined MuiSelect-colorNeutral MuiSelect-sizeMd css-whi0zy-JoySelect-root"
    >
      <button
        aria-controls="_r_0_"
        aria-expanded="false"
        class="MuiSelect-button css-1hr8yhh-JoySelect-button"
        role="combobox"
        type="button"
      />
      <span
        class="MuiSelect-indicator css-b0m4zx-JoySelect-indicator"
      >
        <svg
          aria-hidden="true"
          class="MuiSvgIcon-root MuiSvgIcon-sizeMd css-1r2bn3-JoySvgIcon-root"
          data-testid="UnfoldIcon"
          focusable="false"
          viewBox="0 0 24 24"
        >
          <path
            d="m12 5.83 2.46 2.46c.39.39 1.02.39 1.41 0 .39-.39.39-1.02 0-1.41L12.7 3.7a.9959.9959 0 0 0-1.41 0L8.12 6.88c-.39.39-.39 1.02 0 1.41.39.39 1.02.39 1.41 0L12 5.83zm0 12.34-2.46-2.46a.9959.9959 0 0 0-1.41 0c-.39.39-.39 1.02 0 1.41l3.17 3.18c.39.39 1.02.39 1.41 0l3.17-3.17c.39-.39.39-1.02 0-1.41a.9959.9959 0 0 0-1.41 0L12 18.17z"
          />
        </svg>
      </span>
      <input
        aria-hidden="true"
        style="border: 0px; height: 1px; margin: -1px; overflow: hidden; padding: 0px; position: absolute; white-space: nowrap; width: 1px;"
        tabindex="-1"
        value="a"
      />
    </div>
  </div>
  <ul
    class="base-Popper-root MuiSelect-listbox css-1wmuzea-JoySelect-listbox"
    id="_r_0_"
    role="listbox"
    style="position: fixed; top: 0px; left: 0px; display: none;"
    tabindex="-1"
  >
    <li
      aria-selected="true"
      class="MuiOption-root MuiOption-highlighted Mui-selected css-1cls7x6-JoyOption-root"
      data-first-child=""
      id="_r_1_"
      role="option"
      tabindex="0"
    >
      Option A
    </li>
    <li
      aria-selected="false"
      class="MuiOption-root css-f5zrxl-JoyOption-root"
      data-last-child=""
      id="_r_2_"
      role="option"
      tabindex="-1"
    >
      Option B
    </li>
  </ul>
</body>
`;
