// Jest Snapshot v1, https://jestjs.io/docs/snapshot-testing

exports[`NotFound correctly renders 1`] = `
<DocumentFragment>
  <div
    class="MuiContainer-root MuiContainer-maxWidthLg css-6fxdje-JoyContainer-root"
  >
    <h2>
      Page was not found
    </h2>
    <a
      class="MuiLink-root MuiLink-colorPrimary MuiLink-body-md MuiLink-underlineAlways css-1fvek0w-JoyLink-root"
      data-testid="explore-link"
      href="/"
    >
      Return to Explore Page
    </a>
  </div>
</DocumentFragment>
`;
