// Jest Snapshot v1, https://jestjs.io/docs/snapshot-testing

exports[`QuizzesList correctly renders 1`] = `
<DocumentFragment>
  <div>
    <div
      class="totalMatches"
    >
      <p
        class="MuiTypography-root MuiTypography-body-sm css-1mpyth4-JoyTypography-root"
        data-testid="total-matches"
      >
        3 total matches
      </p>
    </div>
    <div
      class="MuiStack-root css-194i09z-JoyStack-root"
    >
      <p>
        the quizzes
      </p>
      <nav
        class="pagination"
      >
        <button
          class="MuiIconButton-root Mui-disabled MuiIconButton-variantOutlined MuiIconButton-colorNeutral MuiIconButton-sizeMd button css-3oglbe-JoyIconButton-root"
          data-testid="pagination-prev"
          disabled=""
          type="button"
        >
          <svg
            aria-hidden="true"
            class="MuiSvgIcon-root MuiSvgIcon-fontSizeMedium css-1umw9bq-MuiSvgIcon-root"
            data-testid="ChevronLeftIcon"
            focusable="false"
            viewBox="0 0 24 24"
          >
            <path
              d="M15.41 7.41 14 6l-6 6 6 6 1.41-1.41L10.83 12z"
            />
          </svg>
        </button>
        <button
          class="MuiIconButton-root MuiIconButton-variantSolid MuiIconButton-colorPrimary MuiIconButton-sizeMd button css-1bd7rs7-JoyIconButton-root"
          data-testid="pagination-page-1"
          type="button"
        >
          1
        </button>
        <button
          class="MuiIconButton-root MuiIconButton-variantOutlined MuiIconButton-colorNeutral MuiIconButton-sizeMd button css-3oglbe-JoyIconButton-root"
          data-testid="pagination-page-2"
          type="button"
        >
          2
        </button>
        <button
          class="MuiIconButton-root MuiIconButton-variantOutlined MuiIconButton-colorNeutral MuiIconButton-sizeMd button css-3oglbe-JoyIconButton-root"
          data-testid="pagination-page-3"
          type="button"
        >
          3
        </button>
        <button
          class="MuiIconButton-root MuiIconButton-variantOutlined MuiIconButton-colorNeutral MuiIconButton-sizeMd button css-3oglbe-JoyIconButton-root"
          data-testid="pagination-next"
          type="button"
        >
          <svg
            aria-hidden="true"
            class="MuiSvgIcon-root MuiSvgIcon-fontSizeMedium css-1umw9bq-MuiSvgIcon-root"
            data-testid="ChevronRightIcon"
            focusable="false"
            viewBox="0 0 24 24"
          >
            <path
              d="M10 6 8.59 7.41 13.17 12l-4.58 4.59L10 18l6-6z"
            />
          </svg>
        </button>
      </nav>
    </div>
  </div>
</DocumentFragment>
`;
