// Jest Snapshot v1, https://jestjs.io/docs/snapshot-testing

exports[`QuizUpdateForm correctly renders 1`] = `
<DocumentFragment>
  <div
    class="MuiContainer-root MuiContainer-maxWidthLg css-pv8j0-JoyContainer-root"
  >
    <form
      novalidate=""
    >
      <div
        class="MuiStack-root css-10ip9al-JoyStack-root"
      >
        <div
          class="header"
        >
          <h3
            class="MuiTypography-root MuiTypography-h3 css-1yf9pfh-JoyTypography-root"
          >
            Update Quiz
          </h3>
          <button
            class="MuiButton-root MuiButton-variantOutlined MuiButton-colorNeutral MuiButton-sizeMd responsive css-s62xdh-JoyButton-root"
            data-testid="share-quiz-1-button"
            type="button"
          >
            <span
              class="MuiButton-startDecorator css-187ulk2-JoyButton-startDecorator"
            >
              <svg
                aria-hidden="true"
                class="MuiSvgIcon-root MuiSvgIcon-fontSizeMedium css-1umw9bq-MuiSvgIcon-root"
                data-testid="ShareOutlinedIcon"
                focusable="false"
                viewBox="0 0 24 24"
              >
                <path
                  d="M18 16.08c-.76 0-1.44.3-1.96.77L8.91 12.7c.05-.23.09-.46.09-.7s-.04-.47-.09-.7l7.05-4.11c.54.5 1.25.81 2.04.81 1.66 0 3-1.34 3-3s-1.34-3-3-3-3 1.34-3 3c0 .24.04.47.09.7L8.04 9.81C7.5 9.31 6.79 9 6 9c-1.66 0-3 1.34-3 3s1.34 3 3 3c.79 0 1.5-.31 2.04-.81l7.12 4.16c-.05.21-.08.43-.08.65 0 1.61 1.31 2.92 2.92 2.92s2.92-1.31 2.92-2.92-1.31-2.92-2.92-2.92M18 4c.55 0 1 .45 1 1s-.45 1-1 1-1-.45-1-1 .45-1 1-1M6 13c-.55 0-1-.45-1-1s.45-1 1-1 1 .45 1 1-.45 1-1 1m12 7.02c-.55 0-1-.45-1-1s.45-1 1-1 1 .45 1 1-.45 1-1 1"
                />
              </svg>
            </span>
            <span
              class="responsiveLabel"
            >
              Share
            </span>
          </button>
        </div>
        <div
          class="switches"
        >
          <label
            class="MuiTypography-root MuiTypography-body-md label css-dd8p4m-JoyTypography-root"
          >
            <span
              class="MuiTypography-startDecorator css-1lgggw0-JoyTypography-startDecorator"
            >
              <div
                class="MuiSwitch-root Mui-checked MuiSwitch-variantSolid MuiSwitch-colorPrimary MuiSwitch-sizeMd css-y9aki5-JoySwitch-root"
                name="isPublic"
              >
                <span
                  class="MuiSwitch-track Mui-checked css-1kynshp-JoySwitch-track"
                >
                  <span
                    class="MuiSwitch-thumb Mui-checked css-d5sxl0-JoySwitch-thumb"
                  />
                </span>
                <div
                  class="MuiSwitch-action css-8hil84-JoySwitch-action"
                >
                  <input
                    aria-checked="true"
                    checked=""
                    class="MuiSwitch-input css-iegj0b-JoySwitch-input"
                    data-testid="switch-isPublic"
                    role="switch"
                    type="checkbox"
                  />
                </div>
              </div>
            </span>
            Public
          </label>
          <label
            class="MuiTypography-root MuiTypography-body-md label css-dd8p4m-JoyTypography-root"
          >
            <span
              class="MuiTypography-startDecorator css-1lgggw0-JoyTypography-startDecorator"
            >
              <div
                class="MuiSwitch-root MuiSwitch-variantSolid MuiSwitch-colorNeutral MuiSwitch-sizeMd css-1ch0weh-JoySwitch-root"
                name="isAnalyticsEnabled"
              >
                <span
                  class="MuiSwitch-track css-1kynshp-JoySwitch-track"
                >
                  <span
                    class="MuiSwitch-thumb css-d5sxl0-JoySwitch-thumb"
                  />
                </span>
                <div
                  class="MuiSwitch-action css-8hil84-JoySwitch-action"
                >
                  <input
                    aria-checked="false"
                    class="MuiSwitch-input css-iegj0b-JoySwitch-input"
                    data-testid="switch-isAnalyticsEnabled"
                    role="switch"
                    type="checkbox"
                  />
                </div>
              </div>
            </span>
            Analytics
          </label>
        </div>
        <div
          class="overviewSection"
        >
          <div
            class="MuiStack-root css-10ip9al-JoyStack-root"
          >
            <div
              class="MuiFormControl-root MuiFormControl-vertical MuiFormControl-sizeMd css-1jf2wst-JoyFormControl-root"
            >
              <label
                class="MuiFormLabel-root css-1ckvkg0-JoyFormLabel-root"
                for="_r_0_"
                id="_r_0_-label"
              >
                Title
              </label>
              <div
                class="MuiInput-root MuiInput-variantOutlined MuiInput-colorNeutral MuiInput-sizeMd MuiInput-formControl css-kf85qm-JoyInput-root"
              >
                <input
                  class="MuiInput-input css-1gw9vc6-JoyInput-input"
                  data-testid="input-title"
                  id="_r_0_"
                  name="title"
                  placeholder="Title"
                  value="JS Basics"
                />
              </div>
            </div>
            <div
              class="MuiFormControl-root MuiFormControl-vertical MuiFormControl-sizeMd css-1jf2wst-JoyFormControl-root"
            >
              <label
                class="MuiFormLabel-root css-1ckvkg0-JoyFormLabel-root"
                for="_r_1_"
                id="_r_1_-label"
              >
                Description
              </label>
              <div
                class="MuiTextarea-root MuiTextarea-variantOutlined MuiTextarea-colorNeutral MuiTextarea-sizeMd MuiTextarea-formControl css-1cquhrj-JoyTextarea-root"
              >
                <textarea
                  class="MuiTextarea-textarea css-sws92j-JoyTextarea-textarea"
                  data-testid="textarea-description"
                  id="_r_1_"
                  name="description"
                  placeholder="Description"
                  rows="4"
                  style="height: 0px; overflow: hidden;"
                >
                  A quiz about javascript
                </textarea>
                <textarea
                  aria-hidden="true"
                  class="MuiTextarea-textarea css-sws92j-JoyTextarea-textarea"
                  readonly=""
                  style="visibility: hidden; position: absolute; overflow: hidden; height: 0px; top: 0px; left: 0px; transform: translateZ(0); padding-top: 0px; padding-bottom: 0px;"
                  tabindex="-1"
                />
              </div>
            </div>
            <div
              class="MuiFormControl-root MuiFormControl-vertical MuiFormControl-sizeMd css-1jf2wst-JoyFormControl-root"
            >
              <label
                class="MuiFormLabel-root css-1ckvkg0-JoyFormLabel-root"
                for="_r_2_"
                id="_r_2_-label"
              >
                Time Duration (hr:min)
              </label>
              <div
                class="MuiSelect-root MuiSelect-variantOutlined MuiSelect-colorNeutral MuiSelect-sizeMd css-whi0zy-JoySelect-root"
                style="width: 160px;"
              >
                <button
                  aria-controls="_r_3_"
                  aria-expanded="false"
                  aria-labelledby="_r_2_-label"
                  class="MuiSelect-button css-1hr8yhh-JoySelect-button"
                  data-testid="select-timeDurationInMinutes"
                  id="_r_2_"
                  name="timeDurationInMinutes"
                  role="combobox"
                  type="button"
                >
                  00:30
                </button>
                <span
                  class="MuiSelect-indicator css-b0m4zx-JoySelect-indicator"
                >
                  <svg
                    aria-hidden="true"
                    class="MuiSvgIcon-root MuiSvgIcon-sizeMd css-1r2bn3-JoySvgIcon-root"
                    data-testid="UnfoldIcon"
                    focusable="false"
                    viewBox="0 0 24 24"
                  >
                    <path
                      d="m12 5.83 2.46 2.46c.39.39 1.02.39 1.41 0 .39-.39.39-1.02 0-1.41L12.7 3.7a.9959.9959 0 0 0-1.41 0L8.12 6.88c-.39.39-.39 1.02 0 1.41.39.39 1.02.39 1.41 0L12 5.83zm0 12.34-2.46-2.46a.9959.9959 0 0 0-1.41 0c-.39.39-.39 1.02 0 1.41l3.17 3.18c.39.39 1.02.39 1.41 0l3.17-3.17c.39-.39.39-1.02 0-1.41a.9959.9959 0 0 0-1.41 0L12 18.17z"
                    />
                  </svg>
                </span>
                <input
                  aria-hidden="true"
                  name="timeDurationInMinutes"
                  style="border: 0px; height: 1px; margin: -1px; overflow: hidden; padding: 0px; position: absolute; white-space: nowrap; width: 1px;"
                  tabindex="-1"
                  value="30"
                />
              </div>
            </div>
          </div>
          <div
            class="MuiFormControl-root MuiFormControl-vertical MuiFormControl-sizeMd control controlMd css-1jf2wst-JoyFormControl-root"
          >
            <label
              class="MuiFormLabel-root css-1ckvkg0-JoyFormLabel-root"
              for="_r_4_"
              id="_r_4_-label"
            >
              Image
            </label>
            <div
              class="wrapper wrapperMd"
              tabindex="-1"
            >
              <img
                alt=""
                class="image"
                src="http://mock-backend/uploads/quizzes/cover.png"
              />
              <button
                class="MuiIconButton-root MuiIconButton-variantSoft MuiIconButton-colorDanger MuiIconButton-sizeSm deleteButton css-1btxtfy-JoyIconButton-root"
                data-testid="imageUrl-delete-button"
                type="button"
              >
                <svg
                  aria-hidden="true"
                  class="MuiSvgIcon-root MuiSvgIcon-fontSizeMedium css-1umw9bq-MuiSvgIcon-root"
                  data-testid="CloseOutlinedIcon"
                  focusable="false"
                  style="font-size: 14px;"
                  viewBox="0 0 24 24"
                >
                  <path
                    d="M19 6.41 17.59 5 12 10.59 6.41 5 5 6.41 10.59 12 5 17.59 6.41 19 12 13.41 17.59 19 19 17.59 13.41 12z"
                  />
                </svg>
              </button>
            </div>
          </div>
        </div>
        <div
          class="MuiStack-root css-cs594i-JoyStack-root"
        >
          <button
            class="MuiButton-root MuiButton-variantSolid MuiButton-colorPrimary MuiButton-sizeMd css-1sp0hsh-JoyButton-root"
            style="border-bottom-right-radius: 0; border-top-right-radius: 0;"
            type="button"
          >
            <span
              class="MuiButton-startDecorator css-187ulk2-JoyButton-startDecorator"
            >
              <svg
                aria-hidden="true"
                class="MuiSvgIcon-root MuiSvgIcon-fontSizeMedium css-1umw9bq-MuiSvgIcon-root"
                data-testid="AddIcon"
                focusable="false"
                viewBox="0 0 24 24"
              >
                <path
                  d="M19 13h-6v6h-2v-6H5v-2h6V5h2v6h6z"
                />
              </svg>
            </span>
            Question
          </button>
          <div
            class="MuiSelect-root MuiSelect-variantOutlined MuiSelect-colorNeutral MuiSelect-sizeMd css-1a2zvhl-JoySelect-root"
            style="border-bottom-left-radius: 0; border-top-left-radius: 0;"
          >
            <button
              aria-controls="_r_5_"
              aria-expanded="false"
              class="MuiSelect-button css-1hr8yhh-JoySelect-button"
              data-testid="new-question-type-select"
              role="combobox"
              type="button"
            >
              <span
                class="MuiListItemDecorator-root css-1p83lvl-JoyListItemDecorator-root"
                style="min-width: 27px; font-size: 20px;"
              >
                <svg
                  aria-hidden="true"
                  class="MuiSvgIcon-root MuiSvgIcon-fontSizeInherit css-1ckov0h-MuiSvgIcon-root"
                  data-testid="CheckBoxOutlinedIcon"
                  focusable="false"
                  viewBox="0 0 24 24"
                >
                  <path
                    d="M19 3H5c-1.1 0-2 .9-2 2v14c0 1.1.9 2 2 2h14c1.1 0 2-.9 2-2V5c0-1.1-.9-2-2-2m0 16H5V5h14zM17.99 9l-1.41-1.42-6.59 6.59-2.58-2.57-1.42 1.41 4 3.99z"
                  />
                </svg>
              </span>
            </button>
            <span
              class="MuiSelect-indicator css-b0m4zx-JoySelect-indicator"
            >
              <svg
                aria-hidden="true"
                class="MuiSvgIcon-root MuiSvgIcon-sizeMd css-1r2bn3-JoySvgIcon-root"
                data-testid="UnfoldIcon"
                focusable="false"
                viewBox="0 0 24 24"
              >
                <path
                  d="m12 5.83 2.46 2.46c.39.39 1.02.39 1.41 0 .39-.39.39-1.02 0-1.41L12.7 3.7a.9959.9959 0 0 0-1.41 0L8.12 6.88c-.39.39-.39 1.02 0 1.41.39.39 1.02.39 1.41 0L12 5.83zm0 12.34-2.46-2.46a.9959.9959 0 0 0-1.41 0c-.39.39-.39 1.02 0 1.41l3.17 3.18c.39.39 1.02.39 1.41 0l3.17-3.17c.39-.39.39-1.02 0-1.41a.9959.9959 0 0 0-1.41 0L12 18.17z"
                />
              </svg>
            </span>
            <input
              aria-hidden="true"
              style="border: 0px; height: 1px; margin: -1px; overflow: hidden; padding: 0px; position: absolute; white-space: nowrap; width: 1px;"
              tabindex="-1"
              value="question-checkbox"
            />
          </div>
        </div>
      </div>
      <div
        class="footerActions"
      >
        <button
          class="MuiButton-root MuiButton-variantSoft MuiButton-colorPrimary MuiButton-sizeMd css-aqrsm8-JoyButton-root"
          data-testid="quiz-form-submit-button"
          type="submit"
        >
          <span
            class="MuiButton-startDecorator css-187ulk2-JoyButton-startDecorator"
          >
            <svg
              aria-hidden="true"
              class="MuiSvgIcon-root MuiSvgIcon-fontSizeMedium css-1umw9bq-MuiSvgIcon-root"
              data-testid="SaveIcon"
              focusable="false"
              viewBox="0 0 24 24"
            >
              <path
                d="M17 3H5c-1.11 0-2 .9-2 2v14c0 1.1.89 2 2 2h14c1.1 0 2-.9 2-2V7zm-5 16c-1.66 0-3-1.34-3-3s1.34-3 3-3 3 1.34 3 3-1.34 3-3 3m3-10H5V5h10z"
              />
            </svg>
          </span>
          Update Quiz
        </button>
        <button
          class="MuiButton-root MuiButton-variantOutlined MuiButton-colorDanger MuiButton-sizeMd deleteButton css-ow548w-JoyButton-root"
          type="button"
        >
          <span
            class="MuiButton-startDecorator css-187ulk2-JoyButton-startDecorator"
          >
            <svg
              aria-hidden="true"
              class="MuiSvgIcon-root MuiSvgIcon-fontSizeMedium css-1umw9bq-MuiSvgIcon-root"
              data-testid="DeleteIcon"
              focusable="false"
              viewBox="0 0 24 24"
            >
              <path
                d="M6 19c0 1.1.9 2 2 2h8c1.1 0 2-.9 2-2V7H6zM19 4h-3.5l-1-1h-5l-1 1H5v2h14z"
              />
            </svg>
          </span>
          Delete
        </button>
      </div>
    </form>
  </div>
</DocumentFragment>
`;
